// Jest Snapshot v1, https://goo.gl/fbAQLP

exports[`renders correctly 1`] = `
<ExponentLinearGradient
  colors={
    Array [
      4294967295,
      4293848814,
      4294967295,
    ]
  }
  locations={null}
  style={
    Object {
      "alignSelf": "stretch",
      "flex": 1,
    }
  }
>
  <View
    accessible={true}
    isTVSelectable={true}
    onResponderGrant={[Function]}
    onResponderMove={[Function]}
    onResponderRelease={[Function]}
    onResponderTerminate={[Function]}
    onResponderTerminationRequest={[Function]}
    onStartShouldSetResponder={[Function]}
    style={
      Object {
        "opacity": 1,
      }
    }
  >
    <View
      style={
        Array [
          Object {
            "alignItems": "center",
            "backgroundColor": "#535353",
            "borderRadius": 50,
            "height": 60,
            "justifyContent": "center",
            "width": 60,
          },
          Object {
            "marginLeft": 8,
          },
        ]
      }
    >
      <Text
        accessible={true}
        allowFontScaling={true}
        ellipsizeMode="tail"
        style={
          Array [
            Object {
              "color": "#535353",
              "fontFamily": "OpenSans",
              "fontSize": 20,
            },
            Object {
              "color": "#fff",
            },
          ]
        }
      >
        T42
      </Text>
    </View>
  </View>
  <View
    style={
      Object {
        "alignItems": "stretch",
        "margin": 16,
      }
    }
  >
    <Text
      accessible={true}
      allowFontScaling={true}
      ellipsizeMode="tail"
      style={
        Object {
          "color": "#535353",
          "fontFamily": "OpenSans-Bold",
          "fontSize": 20,
          "textAlign": "center",
        }
      }
    >
      Nykyinen harjoitusohjelma
    </Text>
    <Text
      accessible={true}
      allowFontScaling={true}
      ellipsizeMode="tail"
      style={
        Object {
          "color": "#535353",
          "fontFamily": "OpenSans",
          "fontSize": 16,
          "textAlign": "center",
        }
      }
    >
      Alla n√§et ohjelman harjoitusviikot
    </Text>
  </View>
</ExponentLinearGradient>
`;
