// Jest Snapshot v1, https://goo.gl/fbAQLP

exports[`App snapshot renders the loading screen 1`] = `null`;

exports[`App snapshot renders the root without loading screen 1`] = `
<View
  style={
    Object {
      "backgroundColor": "#333",
      "flex": 1,
    }
  }
>
  <View
    style={
      Object {
        "flex": 1,
        "overflow": "hidden",
      }
    }
  >
    <View
      style={
        Object {
          "flex": 1,
        }
      }
    >
      <View
        collapsable={false}
        pointerEvents="auto"
        removeClippedSubviews={false}
        style={
          Array [
            Object {
              "flex": 1,
              "overflow": "hidden",
            },
            Array [
              Object {
                "bottom": 0,
                "left": 0,
                "position": "absolute",
                "right": 0,
                "top": 0,
              },
              Object {
                "opacity": 1,
              },
            ],
          ]
        }
      >
        <View
          style={
            Object {
              "flex": 1,
            }
          }
        >
          <View
            onLayout={[Function]}
            style={
              Object {
                "flex": 1,
              }
            }
          >
            <View
              onMoveShouldSetResponder={[Function]}
              onMoveShouldSetResponderCapture={[Function]}
              onResponderEnd={[Function]}
              onResponderGrant={[Function]}
              onResponderMove={[Function]}
              onResponderReject={[Function]}
              onResponderRelease={[Function]}
              onResponderStart={[Function]}
              onResponderTerminate={[Function]}
              onResponderTerminationRequest={[Function]}
              onStartShouldSetResponder={[Function]}
              onStartShouldSetResponderCapture={[Function]}
              style={
                Array [
                  Object {
                    "flex": 1,
                    "flexDirection": "column-reverse",
                  },
                  Object {
                    "backgroundColor": "#000",
                  },
                ]
              }
            >
              <View
                style={
                  Object {
                    "flex": 1,
                  }
                }
              >
                <View
                  accessibilityElementsHidden={false}
                  pointerEvents="auto"
                  style={
                    Object {
                      "backgroundColor": "#E9E9EF",
                      "bottom": 0,
                      "left": 0,
                      "opacity": 1,
                      "paddingTop": 0,
                      "position": "absolute",
                      "right": 0,
                      "shadowColor": "black",
                      "shadowOffset": Object {
                        "height": 0,
                        "width": 0,
                      },
                      "shadowOpacity": 0.2,
                      "shadowRadius": 5,
                      "top": 0,
                      "transform": Array [
                        Object {
                          "translateX": 0,
                        },
                        Object {
                          "translateY": 0,
                        },
                      ],
                    }
                  }
                >
                  <View
                    style={
                      Object {
                        "height": "100%",
                        "width": "100%",
                      }
                    }
                  >
                    <Image
                      source={1}
                      style={
                        Array [
                          Object {
                            "bottom": 0,
                            "left": 0,
                            "position": "absolute",
                            "right": 0,
                            "top": 0,
                          },
                          Object {
                            "height": "100%",
                            "width": "100%",
                          },
                          undefined,
                        ]
                      }
                    />
                    <View
                      style={
                        Object {
                          "height": 190,
                        }
                      }
                    >
                      <View
                        style={
                          Object {
                            "alignItems": "stretch",
                            "backgroundColor": "#1119",
                            "borderBottomWidth": 1,
                            "borderColor": "#333",
                            "borderTopWidth": 1,
                            "flex": 1,
                            "marginBottom": 16,
                            "paddingBottom": 16,
                            "paddingTop": 30,
                          }
                        }
                      >
                        <View
                          style={
                            Object {
                              "flex": 1,
                              "flexDirection": "row",
                            }
                          }
                        >
                          <View
                            style={
                              Object {
                                "flex": 1,
                              }
                            }
                          >
                            <View
                              accessibilityComponentType="button"
                              accessibilityTraits={
                                Array [
                                  "button",
                                ]
                              }
                              accessible={true}
                              isTVSelectable={true}
                              onResponderGrant={[Function]}
                              onResponderMove={[Function]}
                              onResponderRelease={[Function]}
                              onResponderTerminate={[Function]}
                              onResponderTerminationRequest={[Function]}
                              onStartShouldSetResponder={[Function]}
                              style={
                                Object {
                                  "opacity": 1,
                                }
                              }
                            >
                              <View
                                style={
                                  Array [
                                    Object {},
                                  ]
                                }
                              >
                                <Text
                                  accessible={true}
                                  allowFontScaling={true}
                                  ellipsizeMode="tail"
                                  style={
                                    Array [
                                      Object {
                                        "color": "#007AFF",
                                        "fontSize": 18,
                                        "padding": 8,
                                        "textAlign": "center",
                                      },
                                      Object {
                                        "color": "#333",
                                      },
                                    ]
                                  }
                                >
                                  ◀
                                </Text>
                              </View>
                            </View>
                          </View>
                          <View
                            style={
                              Object {
                                "alignItems": "center",
                                "flex": 4,
                              }
                            }
                          >
                            <Text
                              accessible={true}
                              allowFontScaling={true}
                              ellipsizeMode="tail"
                              style={
                                Object {
                                  "color": "#fff",
                                  "fontSize": 24,
                                }
                              }
                            >
                              Keskiviikko 3.10.
                            </Text>
                          </View>
                          <View
                            style={
                              Object {
                                "flex": 1,
                              }
                            }
                          >
                            <View
                              accessibilityComponentType="button"
                              accessibilityTraits={
                                Array [
                                  "button",
                                ]
                              }
                              accessible={true}
                              isTVSelectable={true}
                              onResponderGrant={[Function]}
                              onResponderMove={[Function]}
                              onResponderRelease={[Function]}
                              onResponderTerminate={[Function]}
                              onResponderTerminationRequest={[Function]}
                              onStartShouldSetResponder={[Function]}
                              style={
                                Object {
                                  "opacity": 1,
                                }
                              }
                            >
                              <View
                                style={
                                  Array [
                                    Object {},
                                  ]
                                }
                              >
                                <Text
                                  accessible={true}
                                  allowFontScaling={true}
                                  ellipsizeMode="tail"
                                  style={
                                    Array [
                                      Object {
                                        "color": "#007AFF",
                                        "fontSize": 18,
                                        "padding": 8,
                                        "textAlign": "center",
                                      },
                                      Object {
                                        "color": "#333",
                                      },
                                    ]
                                  }
                                >
                                  ▶
                                </Text>
                              </View>
                            </View>
                          </View>
                        </View>
                        <View
                          style={
                            Object {
                              "alignItems": "center",
                              "flex": 1,
                            }
                          }
                        >
                          <View
                            style={
                              Object {
                                "flex": 1,
                                "flexDirection": "row",
                              }
                            }
                          >
                            <Text
                              accessible={true}
                              allowFontScaling={true}
                              ellipsizeMode="tail"
                              style={
                                Object {
                                  "color": "#f442df",
                                  "fontSize": 20,
                                  "fontWeight": "bold",
                                }
                              }
                            >
                              26
                            </Text>
                            <Text
                              accessible={true}
                              allowFontScaling={true}
                              ellipsizeMode="tail"
                              style={
                                Object {
                                  "color": "#fff",
                                  "fontSize": 20,
                                  "marginLeft": 4,
                                }
                              }
                            >
                              päivää ennen
                            </Text>
                          </View>
                          <Text
                            accessible={true}
                            allowFontScaling={true}
                            ellipsizeMode="tail"
                            style={
                              Object {
                                "color": "#fff",
                                "fontSize": 20,
                              }
                            }
                          >
                            Helsinki City Maraton
                             - 
                            30.10.18
                          </Text>
                        </View>
                      </View>
                    </View>
                  </View>
                </View>
              </View>
              <View
                onLayout={[Function]}
                pointerEvents="box-none"
                style={
                  Object {
                    "left": 0,
                    "position": "absolute",
                    "right": 0,
                    "top": 0,
                  }
                }
              >
                <View
                  style={
                    Object {
                      "backgroundColor": "#FFF",
                      "transform": Array [
                        Object {
                          "translateX": -750,
                        },
                      ],
                    }
                  }
                >
                  <View
                    onLayout={[Function]}
                    pointerEvents="box-none"
                    style={
                      Object {
                        "backgroundColor": "#FFF",
                        "borderBottomColor": "#A7A7AA",
                        "borderBottomWidth": 0.5,
                        "height": 64,
                        "paddingBottom": 0,
                        "paddingLeft": 0,
                        "paddingRight": 0,
                        "paddingTop": 20,
                      }
                    }
                  >
                    <View
                      style={
                        Object {
                          "flex": 1,
                        }
                      }
                    />
                  </View>
                </View>
              </View>
            </View>
          </View>
        </View>
      </View>
    </View>
    <View
      onLayout={[Function]}
      pointerEvents="box-none"
      style={
        Object {
          "backgroundColor": "#111",
          "borderTopColor": "rgba(0, 0, 0, .3)",
          "borderTopWidth": 0.5,
          "flexDirection": "row",
          "height": 49,
          "paddingBottom": 0,
          "paddingLeft": 0,
          "paddingRight": 0,
          "paddingTop": 0,
        }
      }
    >
      <View
        accessibilityLabel="Päivänäkymä"
        accessible={true}
        onResponderGrant={[Function]}
        onResponderMove={[Function]}
        onResponderRelease={[Function]}
        onResponderTerminate={[Function]}
        onResponderTerminationRequest={[Function]}
        onStartShouldSetResponder={[Function]}
        style={
          Array [
            Object {
              "alignItems": "center",
              "flex": 1,
            },
            Object {
              "backgroundColor": "transparent",
            },
            Object {
              "flexDirection": "column",
              "justifyContent": "flex-end",
            },
            undefined,
          ]
        }
      >
        <View
          style={
            Array [
              Object {
                "height": 29,
              },
              false,
              Object {
                "flex": 1,
              },
            ]
          }
        >
          <View
            style={
              Object {
                "alignItems": "center",
                "alignSelf": "center",
                "height": "100%",
                "justifyContent": "center",
                "minWidth": 25,
                "opacity": 1,
                "position": "absolute",
                "width": "100%",
              }
            }
          >
            <Text
              accessible={true}
              allowFontScaling={false}
              ellipsizeMode="tail"
              style={
                Array [
                  Object {
                    "color": "#f442df",
                    "fontSize": 26,
                  },
                  Object {
                    "marginBottom": -3,
                  },
                  Object {
                    "fontFamily": "ionicons",
                    "fontStyle": "normal",
                    "fontWeight": "normal",
                  },
                ]
              }
            >
              
            </Text>
          </View>
          <View
            style={
              Object {
                "alignItems": "center",
                "alignSelf": "center",
                "height": "100%",
                "justifyContent": "center",
                "minWidth": 25,
                "opacity": 0,
                "position": "absolute",
                "width": "100%",
              }
            }
          >
            <Text
              accessible={true}
              allowFontScaling={false}
              ellipsizeMode="tail"
              style={
                Array [
                  Object {
                    "color": "#ccc",
                    "fontSize": 26,
                  },
                  Object {
                    "marginBottom": -3,
                  },
                  Object {
                    "fontFamily": "ionicons",
                    "fontStyle": "normal",
                    "fontWeight": "normal",
                  },
                ]
              }
            >
              
            </Text>
          </View>
        </View>
        <Text
          accessible={true}
          allowFontScaling={true}
          ellipsizeMode="tail"
          numberOfLines={1}
          style={
            Object {
              "backgroundColor": "transparent",
              "color": "#fFF",
              "fontSize": 12,
              "marginBottom": 1.5,
              "textAlign": "center",
            }
          }
        >
          Päivänäkymä
        </Text>
      </View>
      <View
        accessibilityLabel="Ohjelma"
        accessible={true}
        onResponderGrant={[Function]}
        onResponderMove={[Function]}
        onResponderRelease={[Function]}
        onResponderTerminate={[Function]}
        onResponderTerminationRequest={[Function]}
        onStartShouldSetResponder={[Function]}
        style={
          Array [
            Object {
              "alignItems": "center",
              "flex": 1,
            },
            Object {
              "backgroundColor": "transparent",
            },
            Object {
              "flexDirection": "column",
              "justifyContent": "flex-end",
            },
            undefined,
          ]
        }
      >
        <View
          style={
            Array [
              Object {
                "height": 29,
              },
              false,
              Object {
                "flex": 1,
              },
            ]
          }
        >
          <View
            style={
              Object {
                "alignItems": "center",
                "alignSelf": "center",
                "height": "100%",
                "justifyContent": "center",
                "minWidth": 25,
                "opacity": 0,
                "position": "absolute",
                "width": "100%",
              }
            }
          >
            <Text
              accessible={true}
              allowFontScaling={false}
              ellipsizeMode="tail"
              style={
                Array [
                  Object {
                    "color": "#f442df",
                    "fontSize": 26,
                  },
                  Object {
                    "marginBottom": -3,
                  },
                  Object {
                    "fontFamily": "ionicons",
                    "fontStyle": "normal",
                    "fontWeight": "normal",
                  },
                ]
              }
            >
              
            </Text>
          </View>
          <View
            style={
              Object {
                "alignItems": "center",
                "alignSelf": "center",
                "height": "100%",
                "justifyContent": "center",
                "minWidth": 25,
                "opacity": 1,
                "position": "absolute",
                "width": "100%",
              }
            }
          >
            <Text
              accessible={true}
              allowFontScaling={false}
              ellipsizeMode="tail"
              style={
                Array [
                  Object {
                    "color": "#ccc",
                    "fontSize": 26,
                  },
                  Object {
                    "marginBottom": -3,
                  },
                  Object {
                    "fontFamily": "ionicons",
                    "fontStyle": "normal",
                    "fontWeight": "normal",
                  },
                ]
              }
            >
              
            </Text>
          </View>
        </View>
        <Text
          accessible={true}
          allowFontScaling={true}
          ellipsizeMode="tail"
          numberOfLines={1}
          style={
            Object {
              "backgroundColor": "transparent",
              "color": "#929292",
              "fontSize": 12,
              "marginBottom": 1.5,
              "textAlign": "center",
            }
          }
        >
          Ohjelma
        </Text>
      </View>
      <View
        accessibilityLabel="Asetukset"
        accessible={true}
        onResponderGrant={[Function]}
        onResponderMove={[Function]}
        onResponderRelease={[Function]}
        onResponderTerminate={[Function]}
        onResponderTerminationRequest={[Function]}
        onStartShouldSetResponder={[Function]}
        style={
          Array [
            Object {
              "alignItems": "center",
              "flex": 1,
            },
            Object {
              "backgroundColor": "transparent",
            },
            Object {
              "flexDirection": "column",
              "justifyContent": "flex-end",
            },
            undefined,
          ]
        }
      >
        <View
          style={
            Array [
              Object {
                "height": 29,
              },
              false,
              Object {
                "flex": 1,
              },
            ]
          }
        >
          <View
            style={
              Object {
                "alignItems": "center",
                "alignSelf": "center",
                "height": "100%",
                "justifyContent": "center",
                "minWidth": 25,
                "opacity": 0,
                "position": "absolute",
                "width": "100%",
              }
            }
          >
            <Text
              accessible={true}
              allowFontScaling={false}
              ellipsizeMode="tail"
              style={
                Array [
                  Object {
                    "color": "#f442df",
                    "fontSize": 26,
                  },
                  Object {
                    "marginBottom": -3,
                  },
                  Object {
                    "fontFamily": "ionicons",
                    "fontStyle": "normal",
                    "fontWeight": "normal",
                  },
                ]
              }
            >
              
            </Text>
          </View>
          <View
            style={
              Object {
                "alignItems": "center",
                "alignSelf": "center",
                "height": "100%",
                "justifyContent": "center",
                "minWidth": 25,
                "opacity": 1,
                "position": "absolute",
                "width": "100%",
              }
            }
          >
            <Text
              accessible={true}
              allowFontScaling={false}
              ellipsizeMode="tail"
              style={
                Array [
                  Object {
                    "color": "#ccc",
                    "fontSize": 26,
                  },
                  Object {
                    "marginBottom": -3,
                  },
                  Object {
                    "fontFamily": "ionicons",
                    "fontStyle": "normal",
                    "fontWeight": "normal",
                  },
                ]
              }
            >
              
            </Text>
          </View>
        </View>
        <Text
          accessible={true}
          allowFontScaling={true}
          ellipsizeMode="tail"
          numberOfLines={1}
          style={
            Object {
              "backgroundColor": "transparent",
              "color": "#929292",
              "fontSize": 12,
              "marginBottom": 1.5,
              "textAlign": "center",
            }
          }
        >
          Asetukset
        </Text>
      </View>
    </View>
  </View>
</View>
`;
