// Jest Snapshot v1, https://goo.gl/fbAQLP

exports[`renders correctly 1`] = `
<ExponentLinearGradient
  colors={
    Array [
      4294967295,
      4293848814,
      4294967295,
    ]
  }
  locations={null}
  style={
    Object {
      "alignItems": "stretch",
      "alignSelf": "stretch",
      "flex": 1,
    }
  }
/>
`;
